Microsoft Windows [Version 10.0.19044.1586]
(c) Microsoft Corporation. All rights reserved.

C:\Users\dell\Downloads\platform-tools>adb devices
* daemon not running; starting now at tcp:5037
* daemon started successfully
List of devices attached
36503c0f        unauthorized


C:\Users\dell\Downloads\platform-tools>adb devices
List of devices attached
36503c0f        device


C:\Users\dell\Downloads\platform-tools>adb devices -l
List of devices attached
36503c0f               device product:1606 model:vivo_1606 device:1606 transport_id:1


C:\Users\dell\Downloads\platform-tools>adb shell ls
acct
apps
cache
charger
config
d
data
default.prop
dev
donuts_key
donuts_pub.der
dsp
etc
file_contexts
firmware
fstab.qcom
imei.der
init
init.PD1613.rc
init.PD1613BF_EX.rc
init.PD1613F_EX.rc
init.PD1613LG4.rc
init.PD1621.rc
init.PD1621F_EX.rc
init.PD1628.rc
init.PD1628F_EX.rc
init.PD1628LG4.rc
init.TD1602.rc
init.TD1602_EX.rc
init.TD1605.rc
init.TD1605F_EX.rc
init.at.dl.rc
init.at.rc
init.class_main.sh
init.environ.rc
init.factory.rc
init.mdm.sh
init.msm.usb.configfs.rc
init.powermo.rc
init.qcom.class_core.sh
init.qcom.dl.rc
init.qcom.early_boot.sh
init.qcom.factory.rc
init.qcom.rc
init.qcom.sensors.sh
init.qcom.sh
init.qcom.syspart_fixup.sh
init.qcom.usb.rc
init.qcom.usb.sh
init.rc
init.target.dl.rc
init.target.rc
init.trace.rc
init.usb.configfs.rc
init.usb.rc
init.vivo.rc
init.zygote32.rc
mnt
oem
persist
proc
property_contexts
res
root
sbin
sdcard
seapp_contexts
selinux_version
sepolicy
service_contexts
storage
sys
system
tombstones
ueventd.qcom.rc
ueventd.rc
vendor
verity_key

C:\Users\dell\Downloads\platform-tools>storage
'storage' is not recognized as an internal or external command,
operable program or batch file.

C:\Users\dell\Downloads\platform-tools>adb shell
shell@1606:/ $ ls
acct
apps
cache
charger
config
d
data
default.prop
dev
donuts_key
donuts_pub.der
dsp
etc
file_contexts
firmware
fstab.qcom
imei.der
init
init.PD1613.rc
init.PD1613BF_EX.rc
init.PD1613F_EX.rc
init.PD1613LG4.rc
init.PD1621.rc
init.PD1621F_EX.rc
init.PD1628.rc
init.PD1628F_EX.rc
init.PD1628LG4.rc
init.TD1602.rc
init.TD1602_EX.rc
init.TD1605.rc
init.TD1605F_EX.rc
init.at.dl.rc
init.at.rc
init.class_main.sh
init.environ.rc
init.factory.rc
init.mdm.sh
init.msm.usb.configfs.rc
init.powermo.rc
init.qcom.class_core.sh
init.qcom.dl.rc
init.qcom.early_boot.sh
init.qcom.factory.rc
init.qcom.rc
init.qcom.sensors.sh
init.qcom.sh
init.qcom.syspart_fixup.sh
init.qcom.usb.rc
init.qcom.usb.sh
init.rc
init.target.dl.rc
init.target.rc
init.trace.rc
init.usb.configfs.rc
init.usb.rc
init.vivo.rc
init.zygote32.rc
mnt
oem
persist
proc
property_contexts
res
root
sbin
sdcard
seapp_contexts
selinux_version
sepolicy
service_contexts
storage
sys
system
tombstones
ueventd.qcom.rc
ueventd.rc
vendor
verity_key
shell@1606:/ $ cd self
/system/bin/sh: cd: /self: No such file or directory
2|shell@1606:/ $ ls
acct
apps
cache
charger
config
d
data
default.prop
dev
donuts_key
donuts_pub.der
dsp
etc
file_contexts
firmware
fstab.qcom
imei.der
init
init.PD1613.rc
init.PD1613BF_EX.rc
init.PD1613F_EX.rc
init.PD1613LG4.rc
init.PD1621.rc
init.PD1621F_EX.rc
init.PD1628.rc
init.PD1628F_EX.rc
init.PD1628LG4.rc
init.TD1602.rc
init.TD1602_EX.rc
init.TD1605.rc
init.TD1605F_EX.rc
init.at.dl.rc
init.at.rc
init.class_main.sh
init.environ.rc
init.factory.rc
init.mdm.sh
init.msm.usb.configfs.rc
init.powermo.rc
init.qcom.class_core.sh
init.qcom.dl.rc
init.qcom.early_boot.sh
init.qcom.factory.rc
init.qcom.rc
init.qcom.sensors.sh
init.qcom.sh
init.qcom.syspart_fixup.sh
init.qcom.usb.rc
init.qcom.usb.sh
init.rc
init.target.dl.rc
init.target.rc
init.trace.rc
init.usb.configfs.rc
init.usb.rc
init.vivo.rc
init.zygote32.rc
mnt
oem
persist
proc
property_contexts
res
root
sbin
sdcard
seapp_contexts
selinux_version
sepolicy
service_contexts
storage
sys
system
tombstones
ueventd.qcom.rc
ueventd.rc
vendor
verity_key
shell@1606:/ $ cd primary
/system/bin/sh: cd: /primary: No such file or directory
2|shell@1606:/ $ ls
acct
apps
cache
charger
config
d
data
default.prop
dev
donuts_key
donuts_pub.der
dsp
etc
file_contexts
firmware
fstab.qcom
imei.der
init
init.PD1613.rc
init.PD1613BF_EX.rc
init.PD1613F_EX.rc
init.PD1613LG4.rc
init.PD1621.rc
init.PD1621F_EX.rc
init.PD1628.rc
init.PD1628F_EX.rc
init.PD1628LG4.rc
init.TD1602.rc
init.TD1602_EX.rc
init.TD1605.rc
init.TD1605F_EX.rc
init.at.dl.rc
init.at.rc
init.class_main.sh
init.environ.rc
init.factory.rc
init.mdm.sh
init.msm.usb.configfs.rc
init.powermo.rc
init.qcom.class_core.sh
init.qcom.dl.rc
init.qcom.early_boot.sh
init.qcom.factory.rc
init.qcom.rc
init.qcom.sensors.sh
init.qcom.sh
init.qcom.syspart_fixup.sh
init.qcom.usb.rc
init.qcom.usb.sh
init.rc
init.target.dl.rc
init.target.rc
init.trace.rc
init.usb.configfs.rc
init.usb.rc
init.vivo.rc
init.zygote32.rc
mnt
oem
persist
proc
property_contexts
res
root
sbin
sdcard
seapp_contexts
selinux_version
sepolicy
service_contexts
storage
sys
system
tombstones
ueventd.qcom.rc
ueventd.rc
vendor
verity_key
shell@1606:/ $ cd storage
shell@1606:/storage $ ls
emulated
otg
sdcard0
self
shell@1606:/storage $ cd self
shell@1606:/storage/self $ ls
primary
shell@1606:/storage/self $ cd primary
shell@1606:/storage/self/primary $ ls
Android
ApnaTime
Bluetooth
Cardboard
Collage
DCIM
DocScanner
Download
Email
KineMaster
Movies
Music
Nature Backgrounds
Nature photo editor
PDFfiles
Photo Frames
Pictures
RAJESH.pdf
Record
SHAREit
Screenshot
Telegram
TouchPal_vivo
VidMate
WhatsApp
cache
com.emoji.keyboard.touchpal.vivo_ACache
com.indian.girlsdancevideos
documents
miniproject
noah_downloads
office_folder
photos
shared_external
stickers
temp.jpg
vivoDownloadEx
下载
shell@1606:/storage/self/primary $ cd Screenshot
shell@1606:/storage/self/primary/Screenshot $ ls
14956583_103865770095762_556937184817581678_n.jpg
IMG_20200220_070056.JPG
IMG_20200229_174324.JPG
IMG_20200321_112207.JPG
IMG_20200329_185625.JPG
IMG_20200407_113732.JPG
IMG_20200413_201441.JPG
IMG_20200414_200621.JPG
IMG_20200428_135402.JPG
IMG_20200502_074247.JPG
IMG_20200502_190550.JPG
IMG_20200515_170027.JPG
IMG_20200515_170058.JPG
IMG_20200604_165231.JPG
IMG_20200616_194124.JPG
IMG_20200730_103027.JPG
IMG_20200731_195810.JPG
IMG_20200731_200402.JPG
IMG_20200804_080755.JPG
IMG_20200807_110935.JPG
IMG_20200807_115311.JPG
IMG_20200826_205825.JPG
IMG_20200925_211924.JPG
IMG_20201021_211625.JPG
IMG_20201207_170010.JPG
IMG_20210110_191533.JPG
IMG_20210116_204254.JPG
IMG_20210201_200003.JPG
IMG_20210214_085858.JPG
IMG_20210214_085933.JPG
Screenshot_20200501_165431.png
Screenshot_20200502_191833.png
Screenshot_20200804_082124.png
Screenshot_20200816_183427.png
Screenshot_20200820_191611.png
Screenshot_20200829_125330.png
Screenshot_20200829_125343.png
Screenshot_20200901_123149.png
Screenshot_20200901_221635.png
Screenshot_20200903_134805.png
Screenshot_20200911_114529.png
Screenshot_20201204_204309.png
Screenshot_20210115_223708.png
Screenshot_20210403_201346.png
Screenshot_20210514_142303.png
Screenshot_20210516_115142.png
Screenshot_20210610_213159.png
Screenshot_20210727_201011.png
shell@1606:/storage/self/primary/Screenshot $
C:\Users\dell\Downloads\platform-tools>ls
'ls' is not recognized as an internal or external command,
operable program or batch file.

C:\Users\dell\Downloads\platform-tools>ls
'ls' is not recognized as an internal or external command,
operable program or batch file.

C:\Users\dell\Downloads\platform-tools>adb ls
adb.exe: ls requires an argument

C:\Users\dell\Downloads\platform-tools>adb -l
adb.exe: unknown command -l

C:\Users\dell\Downloads\platform-tools>ls
'ls' is not recognized as an internal or external command,
operable program or batch file.

C:\Users\dell\Downloads\platform-tools>adb ls
adb.exe: ls requires an argument

C:\Users\dell\Downloads\platform-tools>adb push C:\Users\dell\Videos\Captures/rrr /storage/self/primary/Screenshot
adb: error: cannot stat 'C:\Users\dell\Videos\Captures/rrr': No such file or directory

C:\Users\dell\Downloads\platform-tools>adb push C:\Users\dell\Videos\Captures/rrr.png /storage/self/primary/Screenshot
C:\Users\dell\Videos\Captures/rrr.png: 1 file pushed, 0 skipped. 101.3 MB/s (312507 bytes in 0.003s)

C:\Users\dell\Downloads\platform-tools>adb  logcat | findstr camera
^C
C:\Users\dell\Downloads\platform-tools>adb shell  settings put system screen_brightness 20

C:\Users\dell\Downloads\platform-tools>

C:\Users\dell\Downloads\platform-tools>adb shell  settings put system screen_brightness 0

C:\Users\dell\Downloads\platform-tools>adb shell  settings put system screen_brightness 70

C:\Users\dell\Downloads\platform-tools>adb shell  settings put system screen_brightness 0

C:\Users\dell\Downloads\platform-tools>adb shell  settings put system screen_brightness 100

C:\Users\dell\Downloads\platform-tools>ls
'ls' is not recognized as an internal or external command,
operable program or batch file.

C:\Users\dell\Downloads\platform-tools>adb ls
adb.exe: ls requires an argument

C:\Users\dell\Downloads\platform-tools>adb -l
adb.exe: unknown command -l

C:\Users\dell\Downloads\platform-tools>adb -ls
adb.exe: unknown command -ls

C:\Users\dell\Downloads\platform-tools>adb pull /storage/self/primary/Screenshot/monkey C:\Users\dell\Videos\Captures
adb: error: remote object '/storage/self/primary/Screenshot/monkey' does not exist

C:\Users\dell\Downloads\platform-tools>adb pull /storage/self/primary/Screenshot/monkey.png  C:\Users\dell\Videos\Captures
adb: error: remote object '/storage/self/primary/Screenshot/monkey.png' does not exist

C:\Users\dell\Downloads\platform-tools>adb pull /storage/self/primary/Screenshot/rrr.png  C:\Users\dell\Videos\Captures
/storage/self/primary/Screenshot/rrr.png: 1 file pulled, 0 skipped. 1.8 MB/s (312507 bytes in 0.164s)

C:\Users\dell\Downloads\platform-tools>adb pull /storage/self/primary/Download/A-35  C:\Users\dell\Videos\Captures
adb: error: remote object '/storage/self/primary/Download/A-35' does not exist

C:\Users\dell\Downloads\platform-tools>adb pull /storage/self/primary/Screenshot/monkey.jpg  C:\Users\dell\Videos\Captures
/storage/self/primary/Screenshot/monkey.jpg: 1 file pulled, 0 skipped. 1.3 MB/s (23860 bytes in 0.018s)

C:\Users\dell\Downloads\platform-tools>
